../Core/Src/main.c:74:5:main	8	static
../Core/Src/main.c:119:6:SystemClock_Config	88	static
../Core/Src/main.c:166:13:MX_USART2_UART_Init	8	static
../Core/Src/main.c:199:13:MX_GPIO_Init	48	static
../Core/Src/main.c:232:6:UARTinteruptConfig	8	static
../Core/Src/main.c:238:6:HAL_GPIO_EXTI_Callback	16	static
../Core/Src/main.c:247:6:HAL_UART_RxCpltCallback	16	static
../Core/Src/main.c:329:6:UARTinterupt	4	static
../Core/Src/main.c:332:6:BlinkLED	8	static
../Core/Src/main.c:350:6:Error_Handler	4	static,ignoring_inline_asm
